<html>
<body>
<pre>
<h1>µVision Build Log</h1>
<h2>Tool Versions:</h2>
IDE-Version: µVision V5.28.0.0
Copyright (C) 2019 ARM Ltd and ARM Germany GmbH. All rights reserved.
License Information: hust hust, hust, LIC=FQQCX-HLZD0-TJI6H-WD2J2-G29W1-WXLPM
 
Tool Versions:
Toolchain:       MDK-ARM Professional  Version: 5.28.0.0
Toolchain Path:  C:\Keil_v5\ARM\ARMCC\Bin
C Compiler:      Armcc.exe V5.06 update 6 (build 750)
Assembler:       Armasm.exe V5.06 update 6 (build 750)
Linker/Locator:  ArmLink.exe V5.06 update 6 (build 750)
Library Manager: ArmAr.exe V5.06 update 6 (build 750)
Hex Converter:   FromElf.exe V5.06 update 6 (build 750)
CPU DLL:         SARMCM3.DLL V5.28.0.0
Dialog DLL:      DCM.DLL V1.17.3.0
Target DLL:      STLink\ST-LINKIII-KEIL_SWO.dll V3.0.6.0
Dialog DLL:      TCM.DLL V1.36.2.0
 
<h2>Project:</h2>
D:\DATA\SmartPillBox\Code\SmartPillBox\MDK-ARM\SmartPillBox.uvprojx
Project File Date:  10/08/2020

<h2>Output:</h2>
*** Using Compiler 'V5.06 update 6 (build 750)', folder: 'C:\Keil_v5\ARM\ARMCC\Bin'
Build target 'SmartPillBox'
compiling main.c...
../Inc/serial_manager.h(26): warning:  #1-D: last line of file ends without a newline
  #endif
../Inc/flash.h(10): warning:  #1295-D: Deprecated declaration Flash_Erase - give arg types
  void 	Flash_Erase();
../Inc/flash.h(17): warning:  #1-D: last line of file ends without a newline
  #endif
../Src/main.c(230): warning:  #188-D: enumerated type mixed with another type
  			HAL_GPIO_WritePin(GPIOA, GPIO_PIN_11, 0);
../Src/main.c(232): warning:  #188-D: enumerated type mixed with another type
  			HAL_GPIO_WritePin(GPIOA, GPIO_PIN_11, 1);
../Src/main.c(242): warning:  #940-D: missing return statement at end of non-void function "checkSim" 
  }
../Src/main.c(377): warning:  #223-D: function "sprintf" declared implicitly
  			sprintf(pp, "AT+CMGS=\"%s\"\r\n", phoneNumberRoot);
../Src/main.c(419): warning:  #167-D: argument of type "char *" is incompatible with parameter of type "uint8_t *"
  						HAL_UART_Transmit(&huart2, s3_Buf.buf, strlen(s3_Buf.buf), 100);
../Src/main.c(425): warning:  #167-D: argument of type "char *" is incompatible with parameter of type "uint8_t *"
  							HAL_UART_Transmit(&huart2, s3_Buf.buf, strlen(s3_Buf.buf), 100);
../Src/main.c(434): warning:  #188-D: enumerated type mixed with another type
  							HAL_GPIO_WritePin(GPIOA, GPIO_PIN_11, 0);
../Src/main.c(436): warning:  #188-D: enumerated type mixed with another type
  							HAL_GPIO_WritePin(GPIOA, GPIO_PIN_11, 1);
../Src/main.c(481): warning:  #167-D: argument of type "char *" is incompatible with parameter of type "uint8_t *"
  							HAL_UART_Transmit(&huart2, s1_Buf.buf, strlen(s1_Buf.buf), 100);
../Src/main.c(538): warning:  #167-D: argument of type "char *" is incompatible with parameter of type "uint8_t *"
  									HAL_UART_Transmit(&huart2, s3_Buf.buf, strlen(s3_Buf.buf), 100);
../Src/main.c(557): warning:  #188-D: enumerated type mixed with another type
  									HAL_GPIO_WritePin(GPIOA, GPIO_PIN_11, 0);
../Src/main.c(559): warning:  #188-D: enumerated type mixed with another type
  									HAL_GPIO_WritePin(GPIOA, GPIO_PIN_11, 1);
../Src/main.c(624): warning:  #167-D: argument of type "char *" is incompatible with parameter of type "uint8_t *"
  				HAL_UART_Transmit(&huart2, s3_Buf.buf, strlen(s3_Buf.buf), 100);
../Src/main.c(631): warning:  #223-D: function "sprintf" declared implicitly
  				sprintf(cmdSendMesg, "AT+CMGS=\"%s\"\r\n", phoneNumber);
../Src/main.c(649): warning:  #167-D: argument of type "char *" is incompatible with parameter of type "uint8_t *"
  					HAL_UART_Transmit(&huart2, s3_Buf.buf, strlen(s3_Buf.buf), 100);
../Src/main.c(655): warning:  #167-D: argument of type "char *" is incompatible with parameter of type "uint8_t *"
  						HAL_UART_Transmit(&huart2, s3_Buf.buf, strlen(s3_Buf.buf), 100);
../Src/main.c(669): warning:  #167-D: argument of type "char *" is incompatible with parameter of type "uint8_t *"
  						HAL_UART_Transmit(&huart2, s3_Buf.buf, strlen(s3_Buf.buf), 100);
../Src/main.c(675): warning:  #188-D: enumerated type mixed with another type
  						HAL_GPIO_WritePin(GPIOA, GPIO_PIN_11, 0);
../Src/main.c(677): warning:  #188-D: enumerated type mixed with another type
  						HAL_GPIO_WritePin(GPIOA, GPIO_PIN_11, 1);
../Src/main.c: 22 warnings, 0 errors
linking...
Program Size: Code=9836 RO-data=312 RW-data=60 ZI-data=1732  
FromELF: creating hex file...
"SmartPillBox\SmartPillBox.axf" - 0 Error(s), 22 Warning(s).

<h2>Software Packages used:</h2>

Package Vendor: ARM
                http://www.keil.com/pack/ARM.CMSIS.5.7.0.pack
                ARM.CMSIS.5.7.0
                CMSIS (Cortex Microcontroller Software Interface Standard)
   * Component: CORE Version: 5.4.0

Package Vendor: Keil
                http://www.keil.com/pack/Keil.STM32F1xx_DFP.2.3.0.pack
                Keil.STM32F1xx_DFP.2.3.0
                STMicroelectronics STM32F1 Series Device Support, Drivers and Examples

<h2>Collection of Component include folders:</h2>
  .\RTE\_SmartPillBox
  C:\Users\duong\AppData\Local\Arm\Packs\ARM\CMSIS\5.7.0\CMSIS\Core\Include
  C:\Users\duong\AppData\Local\Arm\Packs\Keil\STM32F1xx_DFP\2.3.0\Device\Include

<h2>Collection of Component Files used:</h2>

   * Component: ARM::CMSIS:CORE:5.4.0
Build Time Elapsed:  00:00:02
</pre>
</body>
</html>
